<html>
<body>
<pre>
<h1>µVision Build Log</h1>
<h2>Project:</h2>
C:\Users\surya\OneDrive\Desktop\can_dashboard_using_lpc2129\node1\node1.uvproj
Project File Date:  06/18/2026

<h2>Output:</h2>
Rebuild target 'Target 1'
assembling Startup.s...
compiling can.c...
compiling delay.c...
compiling ds18b20.c...
compiling lcd.c...
compiling node1.c...
linking...
Program Size: Code=5420 RO-data=32 RW-data=28 ZI-data=1292  
FromELF: creating hex file...
".\node1.axf" - 0 Error(s), 0 Warning(s).
</pre>
</body>
</html>
